// Jest Snapshot v1, https://goo.gl/fbAQLP

exports[`ReserveModal component renders correctly 1`] = `
<button
  className="MuiButton-root MuiButton-outlined MuiButton-outlinedPrimary MuiButton-sizeMedium MuiButton-outlinedSizeMedium MuiButtonBase-root css-1k063vf-MuiButtonBase-root-MuiButton-root"
  disabled={false}
  onBlur={[Function]}
  onClick={[Function]}
  onContextMenu={[Function]}
  onDragLeave={[Function]}
  onFocus={[Function]}
  onKeyDown={[Function]}
  onKeyUp={[Function]}
  onMouseDown={[Function]}
  onMouseLeave={[Function]}
  onMouseUp={[Function]}
  onTouchEnd={[Function]}
  onTouchMove={[Function]}
  onTouchStart={[Function]}
  tabIndex={0}
  type="button"
>
  <svg
    aria-hidden={true}
    className="MuiSvgIcon-root MuiSvgIcon-fontSizeMedium css-i4bv87-MuiSvgIcon-root"
    data-testid="HowToRegOutlinedIcon"
    focusable="false"
    viewBox="0 0 24 24"
  >
    <path
      d="M11 12c2.21 0 4-1.79 4-4s-1.79-4-4-4-4 1.79-4 4 1.79 4 4 4zm0-6c1.1 0 2 .9 2 2s-.9 2-2 2-2-.9-2-2 .9-2 2-2zM5 18c.2-.63 2.57-1.68 4.96-1.94l2.04-2c-.39-.04-.68-.06-1-.06-2.67 0-8 1.34-8 4v2h9l-2-2H5zm15.6-5.5-5.13 5.17-2.07-2.08L12 17l3.47 3.5L22 13.91z"
    />
  </svg>
  Reserve
</button>
`;
