// Jest Snapshot v1, https://goo.gl/fbAQLP

exports[`render the car detail page correctly 1`] = `
<div
  className="sc-jrQzAO gURVnT"
/>
`;
