// Jest Snapshot v1, https://goo.gl/fbAQLP

exports[`render the lifestyle page correctly 1`] = `
<div
  className="sc-bdvvtL blWCvE"
>
  <div
    className="sc-gsDKAQ fTQIun"
  />
</div>
`;
