// Jest Snapshot v1, https://goo.gl/fbAQLP

exports[`render my reservations page correctly 1`] = `
<div
  className="MuiGrid-root MuiGrid-container MuiGrid-spacing-xs-1 MuiGrid-spacing-md-3 sc-pVTFL eFzmG css-1ibwkvh-MuiGrid-root"
/>
`;
