// Jest Snapshot v1, https://goo.gl/fbAQLP

exports[`CityOption component renders correctly 1`] = `
<select
  className="sc-bdvvtL hozLmC"
/>
`;
